{
  "version": "1.5.0",
  "plugins_used": [
    {
      "name": "ArtifactoryDetector"
    },
    {
      "name": "AWSKeyDetector"
    },
    {
      "name": "AzureStorageKeyDetector"
    },
    {
      "name": "Base64HighEntropyString",
      "limit": 4.5
    },
    {
      "name": "BasicAuthDetector"
    },
    {
      "name": "CloudantDetector"
    },
    {
      "name": "DiscordBotTokenDetector"
    },
    {
      "name": "GitHubTokenDetector"
    },
    {
      "name": "GitLabTokenDetector"
    },
    {
      "name": "HexHighEntropyString",
      "limit": 3.0
    },
    {
      "name": "IbmCloudIamDetector"
    },
    {
      "name": "IbmCosHmacDetector"
    },
    {
      "name": "IPPublicDetector"
    },
    {
      "name": "JwtTokenDetector"
    },
    {
      "name": "KeywordDetector",
      "keyword_exclude": ""
    },
    {
      "name": "MailchimpDetector"
    },
    {
      "name": "NpmDetector"
    },
    {
      "name": "OpenAIDetector"
    },
    {
      "name": "PrivateKeyDetector"
    },
    {
      "name": "PypiTokenDetector"
    },
    {
      "name": "SendGridDetector"
    },
    {
      "name": "SlackDetector"
    },
    {
      "name": "SoftlayerDetector"
    },
    {
      "name": "SquareOAuthDetector"
    },
    {
      "name": "StripeDetector"
    },
    {
      "name": "TelegramBotTokenDetector"
    },
    {
      "name": "TwilioKeyDetector"
    }
  ],
  "filters_used": [
    {
      "path": "detect_secrets.filters.allowlist.is_line_allowlisted"
    },
    {
      "path": "detect_secrets.filters.common.is_baseline_file",
      "filename": ".secrets.baseline"
    },
    {
      "path": "detect_secrets.filters.common.is_ignored_due_to_verification_policies",
      "min_level": 2
    },
    {
      "path": "detect_secrets.filters.heuristic.is_indirect_reference"
    },
    {
      "path": "detect_secrets.filters.heuristic.is_likely_id_string"
    },
    {
      "path": "detect_secrets.filters.heuristic.is_lock_file"
    },
    {
      "path": "detect_secrets.filters.heuristic.is_not_alphanumeric_string"
    },
    {
      "path": "detect_secrets.filters.heuristic.is_potential_uuid"
    },
    {
      "path": "detect_secrets.filters.heuristic.is_prefixed_with_dollar_sign"
    },
    {
      "path": "detect_secrets.filters.heuristic.is_sequential_string"
    },
    {
      "path": "detect_secrets.filters.heuristic.is_swagger_file"
    },
    {
      "path": "detect_secrets.filters.heuristic.is_templated_secret"
    }
  ],
  "results": {
    ".github/workflows/tests.yml": [
      {
        "type": "Secret Keyword",
        "filename": ".github/workflows/tests.yml",
        "hashed_secret": "8736e62fec7f0bf3fd0e7618fc1485e88be2cfeb",
        "is_verified": false,
        "line_number": 29,
        "is_secret": false
      }
    ],
    "CLAUDE.md": [
      {
        "type": "Secret Keyword",
        "filename": "CLAUDE.md",
        "hashed_secret": "8cdc374437786ea2a6cc54ae3f7168481a6aea08",
        "is_verified": false,
        "line_number": 32,
        "is_secret": false
      }
    ],
    "tests/test_client_auth.py": [
      {
        "type": "Basic Auth Credentials",
        "filename": "tests/test_client_auth.py",
        "hashed_secret": "5baa61e4c9b93f3f0682250b6cf8331b7ee68fd8",
        "is_verified": false,
        "line_number": 9,
        "is_secret": false
      }
    ],
    "tests/test_layers.py": [
      {
        "type": "Secret Keyword",
        "filename": "tests/test_layers.py",
        "hashed_secret": "ffd7f05f24409a4744edf4b94f9830a587c67280",
        "is_verified": false,
        "line_number": 59,
        "is_secret": false
      }
    ],
    "tests/test_sessions.py": [
      {
        "type": "Basic Auth Credentials",
        "filename": "tests/test_sessions.py",
        "hashed_secret": "e0996a37c13d44c3b06074939d43fa3759bd32c1",
        "is_verified": false,
        "line_number": 297,
        "is_secret": false
      },
      {
        "type": "Basic Auth Credentials",
        "filename": "tests/test_sessions.py",
        "hashed_secret": "352f7829a2384b001cc12b0c2613c756454a1f6a",
        "is_verified": false,
        "line_number": 300,
        "is_secret": false
      }
    ]
  },
  "generated_at": "2026-08-29T18:09:53Z"
}
